
[7m[1m[36m RUN [39m[22m[27m [36mv1.6.1[39m [90mD:/c251229[39m

 [31m횞[39m tests/integration/api-routes.test.ts[2m > [22mAPI ?쇱슦???듯빀 ?뚯뒪??[2m > [22m/api/localdata[2m > [22mPOST ?붿껌?쇰줈 ?ъ뾽???곗씠?곕? 議고쉶?????덈떎
[31m   ??expected 400 to be 200 // Object.is equality[39m
 [32m??[39m tests/integration/api-routes.test.ts[2m > [22mAPI ?쇱슦???듯빀 ?뚯뒪??[2m > [22m/api/localdata[2m > [22m?섎せ???뚮씪誘명꽣濡??붿껌?섎㈃ 400 ?먮윭瑜?諛섑솚?쒕떎
 [32m??[39m tests/integration/api-routes.test.ts[2m > [22mAPI ?쇱슦???듯빀 ?뚯뒪??[2m > [22m/api/localdata[2m > [22mGET ?붿껌? 吏?먰븯吏 ?딅뒗?? [31m횞[39m tests/integration/api-routes.test.ts[2m > [22mAPI ?쇱슦???듯빀 ?뚯뒪??[2m > [22m/api/ai-proposal[2m > [22mPOST ?붿껌?쇰줈 AI ?쒖븞?쒕? ?앹꽦?????덈떎
[31m   ??expected 500 to be 200 // Object.is equality[39m
 [31m횞[39m tests/integration/api-routes.test.ts[2m > [22mAPI ?쇱슦???듯빀 ?뚯뒪??[2m > [22m/api/ai-proposal[2m > [22m?꾩닔 ?꾨뱶媛 ?놁쑝硫?400 ?먮윭瑜?諛섑솚?쒕떎
[31m   ??expected 500 to be 400 // Object.is equality[39m
 [31m횞[39m tests/integration/api-routes.test.ts[2m > [22mAPI ?쇱슦???듯빀 ?뚯뒪??[2m > [22m/api/send-proposal[2m > [22mPOST ?붿껌?쇰줈 ?쒖븞???대찓?쇱쓣 諛쒖넚?????덈떎[33m 423[2mms[22m[39m
[31m   ??expected 400 to be 200 // Object.is equality[39m
 [32m??[39m tests/integration/api-routes.test.ts[2m > [22mAPI ?쇱슦???듯빀 ?뚯뒪??[2m > [22m/api/send-proposal[2m > [22m?섎せ???대찓??二쇱냼濡??붿껌?섎㈃ 400 ?먮윭瑜?諛섑솚?쒕떎
[90mstdout[2m | tests/integration/api-routes.test.ts[2m > [22m[2mAPI ?쇱슦???듯빀 ?뚯뒪??[2m > [22m[2m/api/station-info[2m > [22m[2mGET ?붿껌?쇰줈 ??궗 ?뺣낫瑜?議고쉶?????덈떎[22m[39m
[Station Info API] Request: railOprIsttCd=S1, lnCd=1, station=媛뺣궓??
[90mstdout[2m | tests/integration/api-routes.test.ts[2m > [22m[2mAPI ?쇱슦???듯빀 ?뚯뒪??[2m > [22m[2m/api/station-info[2m > [22m[2mGET ?붿껌?쇰줈 ??궗 ?뺣낫瑜?議고쉶?????덈떎[22m[39m
<empty line>
[90mstdout[2m | tests/integration/api-routes.test.ts[2m > [22m[2mAPI ?쇱슦???듯빀 ?뚯뒪??[2m > [22m[2m/api/station-info[2m > [22m[2mstation ?뚮씪誘명꽣媛 ?놁쑝硫?400 ?먮윭瑜?諛섑솚?쒕떎[22m[39m
[Station Info API] Request: railOprIsttCd=S1, lnCd=1, station=ALL

 [31m횞[39m tests/integration/api-routes.test.ts[2m > [22mAPI ?쇱슦???듯빀 ?뚯뒪??[2m > [22m/api/station-info[2m > [22mGET ?붿껌?쇰줈 ??궗 ?뺣낫瑜?議고쉶?????덈떎[33m 1023[2mms[22m[39m
[31m   ??expected { success: false, ??3) } to have property "data"[39m
[90mstdout[2m | tests/integration/api-routes.test.ts[2m > [22m[2mAPI ?쇱슦???듯빀 ?뚯뒪??[2m > [22m[2m/api/station-info[2m > [22m[2mstation ?뚮씪誘명꽣媛 ?놁쑝硫?400 ?먮윭瑜?諛섑솚?쒕떎[22m[39m
<empty line>
[90mstdout[2m | tests/integration/api-routes.test.ts[2m > [22m[2mAPI ?쇱슦???듯빀 ?뚯뒪??[2m > [22m[2m/api/station-info[2m > [22m[2m罹먯떛???숈옉?쒕떎[22m[39m
[Station Info API] Request: railOprIsttCd=S1, lnCd=1, station=媛뺣궓??
 [31m횞[39m tests/integration/api-routes.test.ts[2m > [22mAPI ?쇱슦???듯빀 ?뚯뒪??[2m > [22m/api/station-info[2m > [22mstation ?뚮씪誘명꽣媛 ?놁쑝硫?400 ?먮윭瑜?諛섑솚?쒕떎[33m 934[2mms[22m[39m
[31m   ??expected 200 to be 400 // Object.is equality[39m
[90mstdout[2m | tests/integration/api-routes.test.ts[2m > [22m[2mAPI ?쇱슦???듯빀 ?뚯뒪??[2m > [22m[2m/api/station-info[2m > [22m[2m罹먯떛???숈옉?쒕떎[22m[39m
<empty line>
 [31m횞[39m tests/integration/api-routes.test.ts[2m > [22mAPI ?쇱슦???듯빀 ?뚯뒪??[2m > [22m/api/station-info[2m > [22m罹먯떛???숈옉?쒕떎
[31m   ??the given combination of arguments (null and string) is invalid for this assertion. You can use an array, a map, an object, a set, a string, or a weakset instead of a string[39m
 [31m횞[39m tests/integration/api-routes.test.ts[2m > [22mAPI ?쇱슦???듯빀 ?뚯뒪??[2m > [22m/api/backup[2m > [22mPOST ?붿껌?쇰줈 ?곗씠?곕? 諛깆뾽?????덈떎
[31m   ??expected 400 to be 200 // Object.is equality[39m
 [31m횞[39m tests/integration/api-routes.test.ts[2m > [22mAPI ?쇱슦???듯빀 ?뚯뒪??[2m > [22m/api/backup[2m > [22mGET ?붿껌?쇰줈 諛깆뾽 紐⑸줉??議고쉶?????덈떎
[31m   ??expected { version: '1.0', ??5) } to have property "backups"[39m
 [32m??[39m tests/integration/api-routes.test.ts[2m > [22mAPI ?쇱슦???듯빀 ?뚯뒪??[2m > [22m/api/backup[2m > [22mDELETE ?붿껌?쇰줈 諛깆뾽????젣?????덈떎
 [31m횞[39m tests/integration/api-routes.test.ts[2m > [22mAPI ?쇱슦???듯빀 ?뚯뒪??[2m > [22m/api/floor-plans[2m > [22mGET ?붿껌?쇰줈 ?꾨㈃ 紐⑸줉??議고쉶?????덈떎
[31m   ??expected 500 to be 200 // Object.is equality[39m
 [31m횞[39m tests/integration/api-routes.test.ts[2m > [22mAPI ?쇱슦???듯빀 ?뚯뒪??[2m > [22m/api/floor-plans[2m > [22mPOST ?붿껌?쇰줈 ?꾨㈃???낅줈?쒗븷 ???덈떎
[31m   ??expected 500 to be 200 // Object.is equality[39m
 [31m횞[39m tests/integration/api-routes.test.ts[2m > [22mAPI ?쇱슦???듯빀 ?뚯뒪??[2m > [22m/api/floor-plans[2m > [22m?꾩닔 ?꾨뱶媛 ?놁쑝硫?400 ?먮윭瑜?諛섑솚?쒕떎
[31m   ??expected 500 to be 400 // Object.is equality[39m
 [31m횞[39m tests/integration/api-routes.test.ts[2m > [22mAPI ?쇱슦???듯빀 ?뚯뒪??[2m > [22mAPI ?먮윭 ?몃뱾留?[2m > [22m?몄쬆?섏? ?딆? ?붿껌? 401 ?먮윭瑜?諛섑솚?쒕떎
[31m   ??expected 400 to be 401 // Object.is equality[39m
 [31m횞[39m tests/integration/api-routes.test.ts[2m > [22mAPI ?쇱슦???듯빀 ?뚯뒪??[2m > [22mAPI ?먮윭 ?몃뱾留?[2m > [22m?쒕쾭 ?대? ?먮윭??500 ?먮윭瑜?諛섑솚?쒕떎
[31m   ??expected 400 to be 500 // Object.is equality[39m

[2m Test Files [22m [1m[31m1 failed[39m[22m[90m (1)[39m
[2m      Tests [22m [1m[31m14 failed[39m[22m[2m | [22m[1m[32m4 passed[39m[22m[90m (18)[39m
[2m   Start at [22m 14:52:43
[2m   Duration [22m 4.72s[2m (transform 261ms, setup 197ms, collect 107ms, tests 2.86s, environment 1.08s, prepare 179ms)[22m

